[preview.colorlib.com/theme/yogabest/blog.html]
[backblue.gif]
[fade.gif]
[index.html]
[stackpath.bootstrapcdn.com/font-awesome/4.7.0/css/font-awesome.min.css]
[preview.colorlib.com/theme/yogabest/css/animate.css+owl.carousel.min.css+owl.theme.default.min.css+magnific-popup.css+flaticon.css+style.css.pagespeed.cc.bwKY_dlrxy.css]
[preview.colorlib.com/theme/yogabest/index.html]
[preview.colorlib.com/theme/yogabest/about.html]
[preview.colorlib.com/theme/yogabest/trainer.html]
[preview.colorlib.com/theme/yogabest/classes.html]
[preview.colorlib.com/theme/yogabest/schedule.html]
[preview.colorlib.com/theme/yogabest/contact.html]
[preview.colorlib.com/theme/yogabest/images/bg_4.jpg]
[preview.colorlib.com/theme/yogabest/blog-single.html]
[preview.colorlib.com/theme/yogabest/images/image_1.jpg]
[preview.colorlib.com/theme/yogabest/images/image_2.jpg]
[preview.colorlib.com/theme/yogabest/images/image_3.jpg]
[preview.colorlib.com/theme/yogabest/images/image_4.jpg]
[preview.colorlib.com/theme/yogabest/images/image_5.jpg]
[preview.colorlib.com/theme/yogabest/images/image_6.jpg]
[preview.colorlib.com/cdn-cgi/scripts/5c5dd728/cloudflare-static/email-decode.min.js]
[preview.colorlib.com/theme/yogabest/js/jquery.min.js]
[preview.colorlib.com/theme/yogabest/js/jquery-migrate-3.0.1.min.js+popper.min.js+bootstrap.min.js.pagespeed.jc.gIf9CyPxcV.js]
[preview.colorlib.com/theme/yogabest/js/jquery.easing.1.3.js+jquery.waypoints.min.js+jquery.stellar.min.js+owl.carousel.min.js.pagespeed.jc._b269t-dnL.js]
[preview.colorlib.com/theme/yogabest/js/jquery.magnific-popup.min.js+jquery.animateNumber.min.js+scrollax.min.js+google-map.js+main.js.pagespeed.jc.WiE_h7yNKs.js]
[preview.colorlib.com/theme/yogabest/blog.html]
[stackpath.bootstrapcdn.com/font-awesome/4.7.0/css/font-awesome.min.css]
[static.cloudflareinsights.com/beacon.min.js]
[preview.colorlib.com/theme/yogabest/css/owl.video.play.png]
[preview.colorlib.com/theme/yogabest/fonts/flaticon/font/Flaticon.eot]
[preview.colorlib.com/theme/yogabest/fonts/flaticon/font/Flaticond41d.eot]
[preview.colorlib.com/theme/yogabest/fonts/flaticon/font/Flaticon.woff]
[preview.colorlib.com/theme/yogabest/fonts/flaticon/font/Flaticon.ttf]
[preview.colorlib.com/theme/yogabest/css/animate.css+owl.carousel.min.css+owl.theme.default.min.css+magnific-popup.css+flaticon.css+style.css.pagespeed.cc.bwKY_dlrxy.css]
[preview.colorlib.com/theme/yogabest/fonts/flaticon/font/Flaticon.svg]
[preview.colorlib.com/theme/yogabest/css/A.animate.css+owl.carousel.min.css+owl.theme.default.min.css+magnific-popup.css+flaticon.css+style.css,Mcc.bwKY_dlrxy.css.pagespeed.cf.Z5Ul_cFbMz.css]
[preview.colorlib.com/theme/yogabest/images/bg_1.jpg]
[preview.colorlib.com/theme/yogabest/images/about.jpg]
[preview.colorlib.com/theme/yogabest/images/about-2.jpg]
[preview.colorlib.com/theme/yogabest/images/bg_3.jpg]
[preview.colorlib.com/theme/yogabest/images/about.png]
[preview.colorlib.com/theme/yogabest/images/bg_2.jpg]
[preview.colorlib.com/theme/yogabest/images/classes-1.jpg]
[preview.colorlib.com/theme/yogabest/images/classes-2.jpg]
[preview.colorlib.com/theme/yogabest/images/classes-3.jpg]
[preview.colorlib.com/theme/yogabest/images/classes-4.jpg]
[preview.colorlib.com/theme/yogabest/images/classes-5.jpg]
[preview.colorlib.com/theme/yogabest/images/classes-6.jpg]
[preview.colorlib.com/theme/yogabest/images/person_1.jpg]
[preview.colorlib.com/theme/yogabest/images/person_2.jpg]
[preview.colorlib.com/theme/yogabest/images/person_3.jpg]
[preview.colorlib.com/theme/yogabest/images/classes-7.jpg]
[preview.colorlib.com/theme/yogabest/images/trainer-1.jpg]
[preview.colorlib.com/theme/yogabest/images/trainer-2.jpg]
[preview.colorlib.com/theme/yogabest/images/trainer-3.jpg]
[preview.colorlib.com/theme/yogabest/images/trainer-4.jpg]
[preview.colorlib.com/theme/yogabest/index.html]
[preview.colorlib.com/theme/yogabest/about.html]
[preview.colorlib.com/theme/yogabest/images/xbg_4.jpg.pagespeed.ic.-Mkg3GBYVs.jpg]
[preview.colorlib.com/theme/yogabest/trainer.html]
[preview.colorlib.com/theme/yogabest/classes.html]
[preview.colorlib.com/theme/yogabest/schedule.html]
[preview.colorlib.com/theme/yogabest/contact.html]
[preview.colorlib.com/theme/yogabest/blog-single.html]
[preview.colorlib.com/theme/yogabest/css/owl.video.play.html]
[preview.colorlib.com/theme/yogabest/fonts/flaticon/font/Flaticon.svg]
[preview.colorlib.com/theme/yogabest/css/A.animate.css+owl.carousel.min.css+owl.theme.default.min.css+magnific-popup.css+flaticon.css+style.css,Mcc.bwKY_dlrxy.css.pagespeed.cf.Z5Ul_cFbMz.css]
